// Jest Snapshot v1, https://goo.gl/fbAQLP

exports[`CookieOption component should be rendered 1`] = `
ShallowWrapper {
  Symbol(enzyme.__root__): [Circular],
  Symbol(enzyme.__unrendered__): <CookieOption
    checked={false}
    disabled={false}
    id="check-required-cookies"
    text="Necessary"
  />,
  Symbol(enzyme.__renderer__): Object {
    "batchedUpdates": [Function],
    "getNode": [Function],
    "render": [Function],
    "simulateError": [Function],
    "simulateEvent": [Function],
    "unmount": [Function],
  },
  Symbol(enzyme.__node__): Object {
    "instance": null,
    "key": undefined,
    "nodeType": "host",
    "props": Object {
      "children": Array [
        <input
          checked={false}
          className="react-cookie-law-option-checkbox"
          id="check-required-cookies"
          onChange={[Function]}
          type="checkbox"
        />,
        <span
          className="react-cookie-law-option-label"
        >
          Necessary
        </span>,
      ],
      "className": "react-cookie-law-option-wrapper",
      "style": undefined,
    },
    "ref": null,
    "rendered": Array [
      Object {
        "instance": null,
        "key": undefined,
        "nodeType": "host",
        "props": Object {
          "checked": false,
          "className": "react-cookie-law-option-checkbox",
          "id": "check-required-cookies",
          "onChange": [Function],
          "style": undefined,
          "type": "checkbox",
        },
        "ref": null,
        "rendered": null,
        "type": "input",
      },
      Object {
        "instance": null,
        "key": undefined,
        "nodeType": "host",
        "props": Object {
          "children": "Necessary",
          "className": "react-cookie-law-option-label",
        },
        "ref": null,
        "rendered": "Necessary",
        "type": "span",
      },
    ],
    "type": "div",
  },
  Symbol(enzyme.__nodes__): Array [
    Object {
      "instance": null,
      "key": undefined,
      "nodeType": "host",
      "props": Object {
        "children": Array [
          <input
            checked={false}
            className="react-cookie-law-option-checkbox"
            id="check-required-cookies"
            onChange={[Function]}
            type="checkbox"
          />,
          <span
            className="react-cookie-law-option-label"
          >
            Necessary
          </span>,
        ],
        "className": "react-cookie-law-option-wrapper",
        "style": undefined,
      },
      "ref": null,
      "rendered": Array [
        Object {
          "instance": null,
          "key": undefined,
          "nodeType": "host",
          "props": Object {
            "checked": false,
            "className": "react-cookie-law-option-checkbox",
            "id": "check-required-cookies",
            "onChange": [Function],
            "style": undefined,
            "type": "checkbox",
          },
          "ref": null,
          "rendered": null,
          "type": "input",
        },
        Object {
          "instance": null,
          "key": undefined,
          "nodeType": "host",
          "props": Object {
            "children": "Necessary",
            "className": "react-cookie-law-option-label",
          },
          "ref": null,
          "rendered": "Necessary",
          "type": "span",
        },
      ],
      "type": "div",
    },
  ],
  Symbol(enzyme.__options__): Object {
    "adapter": ReactSixteenAdapter {
      "options": Object {
        "enableComponentDidUpdateOnSetState": true,
        "lifecycles": Object {
          "componentDidUpdate": Object {
            "onSetState": true,
          },
          "getDerivedStateFromProps": true,
          "getSnapshotBeforeUpdate": true,
          "setState": Object {
            "skipsComponentDidUpdateOnNullish": true,
          },
        },
      },
    },
  },
}
`;
